#! /c/Source/iverilog-install/bin/vvp
:ivl_version "12.0 (devel)" "(s20150603-1539-g2693dd32b)";
:ivl_delay_selection "TYPICAL";
:vpi_time_precision + 0;
:vpi_module "C:\iverilog\lib\ivl\system.vpi";
:vpi_module "C:\iverilog\lib\ivl\vhdl_sys.vpi";
:vpi_module "C:\iverilog\lib\ivl\vhdl_textio.vpi";
:vpi_module "C:\iverilog\lib\ivl\v2005_math.vpi";
:vpi_module "C:\iverilog\lib\ivl\va_math.vpi";
S_000001dd86b02510 .scope module, "Register_File" "Register_File" 2 15;
 .timescale 0 0;
    .port_info 0 /INPUT 1 "clk";
    .port_info 1 /INPUT 1 "rst";
    .port_info 2 /INPUT 1 "WE3";
    .port_info 3 /INPUT 32 "WD3";
    .port_info 4 /INPUT 5 "A1";
    .port_info 5 /INPUT 5 "A2";
    .port_info 6 /INPUT 5 "A3";
    .port_info 7 /OUTPUT 32 "RD1";
    .port_info 8 /OUTPUT 32 "RD2";
o000001dd86b37318 .functor BUFZ 1, C4<z>; HiZ drive
L_000001dd86aebd90 .functor NOT 1, o000001dd86b37318, C4<0>, C4<0>, C4<0>;
L_000001dd86b02920 .functor NOT 1, o000001dd86b37318, C4<0>, C4<0>, C4<0>;
o000001dd86b36fb8 .functor BUFZ 5, C4<zzzzz>; HiZ drive
v000001dd86b026a0_0 .net "A1", 4 0, o000001dd86b36fb8;  0 drivers
o000001dd86b36fe8 .functor BUFZ 5, C4<zzzzz>; HiZ drive
v000001dd86b02740_0 .net "A2", 4 0, o000001dd86b36fe8;  0 drivers
o000001dd86b37018 .functor BUFZ 5, C4<zzzzz>; HiZ drive
v000001dd86b027e0_0 .net "A3", 4 0, o000001dd86b37018;  0 drivers
v000001dd86b02880_0 .net "RD1", 31 0, L_000001dd86b7bd20;  1 drivers
v000001dd86b7bf00_0 .net "RD2", 31 0, L_000001dd86b7bfa0;  1 drivers
v000001dd86b7c4a0 .array "Register", 0 31, 31 0;
o000001dd86b370a8 .functor BUFZ 32, C4<zzzzzzzzzzzzzzzzzzzzzzzzzzzzzzzz>; HiZ drive
v000001dd86b7c9a0_0 .net "WD3", 31 0, o000001dd86b370a8;  0 drivers
o000001dd86b370d8 .functor BUFZ 1, C4<z>; HiZ drive
v000001dd86b7c680_0 .net "WE3", 0 0, o000001dd86b370d8;  0 drivers
v000001dd86b7c180_0 .net *"_ivl_0", 0 0, L_000001dd86aebd90;  1 drivers
v000001dd86b7c720_0 .net *"_ivl_12", 0 0, L_000001dd86b02920;  1 drivers
L_000001dd86b7cde8 .functor BUFT 1, C4<00000000000000000000000000000000>, C4<0>, C4<0>, C4<0>;
v000001dd86b7c360_0 .net/2u *"_ivl_14", 31 0, L_000001dd86b7cde8;  1 drivers
v000001dd86b7c860_0 .net *"_ivl_16", 31 0, L_000001dd86b7bdc0;  1 drivers
v000001dd86b7c400_0 .net *"_ivl_18", 6 0, L_000001dd86b7be60;  1 drivers
L_000001dd86b7cd58 .functor BUFT 1, C4<00000000000000000000000000000000>, C4<0>, C4<0>, C4<0>;
v000001dd86b7c540_0 .net/2u *"_ivl_2", 31 0, L_000001dd86b7cd58;  1 drivers
L_000001dd86b7ce30 .functor BUFT 1, C4<00>, C4<0>, C4<0>, C4<0>;
v000001dd86b7c5e0_0 .net *"_ivl_21", 1 0, L_000001dd86b7ce30;  1 drivers
v000001dd86b7ca40_0 .net *"_ivl_4", 31 0, L_000001dd86b7c900;  1 drivers
v000001dd86b7cae0_0 .net *"_ivl_6", 6 0, L_000001dd86b7c220;  1 drivers
L_000001dd86b7cda0 .functor BUFT 1, C4<00>, C4<0>, C4<0>, C4<0>;
v000001dd86b7cb80_0 .net *"_ivl_9", 1 0, L_000001dd86b7cda0;  1 drivers
o000001dd86b372e8 .functor BUFZ 1, C4<z>; HiZ drive
v000001dd86b7c7c0_0 .net "clk", 0 0, o000001dd86b372e8;  0 drivers
v000001dd86b7bc80_0 .net "rst", 0 0, o000001dd86b37318;  0 drivers
E_000001dd86b36130 .event posedge, v000001dd86b7c7c0_0;
L_000001dd86b7c900 .array/port v000001dd86b7c4a0, L_000001dd86b7c220;
L_000001dd86b7c220 .concat [ 5 2 0 0], o000001dd86b36fb8, L_000001dd86b7cda0;
L_000001dd86b7bd20 .functor MUXZ 32, L_000001dd86b7c900, L_000001dd86b7cd58, L_000001dd86aebd90, C4<>;
L_000001dd86b7bdc0 .array/port v000001dd86b7c4a0, L_000001dd86b7be60;
L_000001dd86b7be60 .concat [ 5 2 0 0], o000001dd86b36fe8, L_000001dd86b7ce30;
L_000001dd86b7bfa0 .functor MUXZ 32, L_000001dd86b7bdc0, L_000001dd86b7cde8, L_000001dd86b02920, C4<>;
    .scope S_000001dd86b02510;
T_0 ;
    %wait E_000001dd86b36130;
    %load/vec4 v000001dd86b7c680_0;
    %flag_set/vec4 8;
    %jmp/0xz  T_0.0, 8;
    %load/vec4 v000001dd86b7c9a0_0;
    %load/vec4 v000001dd86b027e0_0;
    %pad/u 7;
    %ix/vec4 3;
    %ix/load 4, 0, 0; Constant delay
    %assign/vec4/a/d v000001dd86b7c4a0, 0, 4;
T_0.0 ;
    %jmp T_0;
    .thread T_0;
    .scope S_000001dd86b02510;
T_1 ;
    %pushi/vec4 6, 0, 32;
    %ix/load 4, 5, 0;
    %flag_set/imm 4, 0;
    %store/vec4a v000001dd86b7c4a0, 4, 0;
    %pushi/vec4 10, 0, 32;
    %ix/load 4, 6, 0;
    %flag_set/imm 4, 0;
    %store/vec4a v000001dd86b7c4a0, 4, 0;
    %end;
    .thread T_1;
# The file index is used to find the file name in the following table.
:file_names 3;
    "N/A";
    "<interactive>";
    "Register_File.v";
